// Jest Snapshot v1, https://goo.gl/fbAQLP

exports[`encrypt encrypts a string and generates a HMAC 1`] = `
Object {
  "cipher": Object {
    "data": Array [
      102,
      216,
      205,
      143,
      234,
      85,
      19,
      207,
      164,
      190,
      49,
      196,
      224,
      165,
      42,
      136,
      15,
      122,
      117,
      18,
      182,
      97,
      50,
      161,
      157,
      223,
      85,
      86,
      83,
      33,
      90,
      130,
      121,
      154,
      108,
      37,
      231,
      120,
      241,
      140,
      222,
      67,
      110,
      92,
      134,
      140,
      2,
      57,
    ],
    "type": "Buffer",
  },
  "hmac": Object {
    "data": Array [
      181,
      177,
      8,
      187,
      236,
      100,
      216,
      83,
      235,
      100,
      126,
      166,
      50,
      151,
      188,
      173,
      125,
      63,
      174,
      139,
      114,
      134,
      246,
      34,
      244,
      172,
      169,
      122,
      84,
      66,
      65,
      140,
      249,
      125,
      142,
      245,
      94,
      96,
      128,
      61,
      107,
      180,
      78,
      147,
      145,
      100,
      229,
      237,
      199,
      89,
      7,
      201,
      1,
      62,
      124,
      120,
      74,
      235,
      249,
      141,
      29,
      240,
      144,
      5,
    ],
    "type": "Buffer",
  },
  "iv": Object {
    "data": Array [
      213,
      136,
      39,
      30,
      178,
      109,
      34,
      229,
      67,
      216,
      101,
      144,
      3,
      193,
      152,
      203,
    ],
    "type": "Buffer",
  },
}
`;

exports[`generateKey deterministically generates a cryptographic key for a password and salt 1`] = `
Object {
  "data": Array [
    242,
    37,
    181,
    231,
    205,
    210,
    54,
    12,
    34,
    123,
    183,
    176,
    43,
    108,
    153,
    3,
    88,
    47,
    5,
    34,
    16,
    201,
    13,
    42,
    48,
    91,
    215,
    70,
    53,
    236,
    109,
    51,
    252,
    29,
    116,
    171,
    27,
    149,
    164,
    21,
    162,
    70,
    201,
    93,
    181,
    58,
    125,
    107,
    95,
    92,
    255,
    168,
    81,
    191,
    189,
    180,
    81,
    119,
    86,
    27,
    164,
    222,
    228,
    214,
  ],
  "type": "Buffer",
}
`;
